###############################################################################
#
# IAR ELF Linker V8.50.6.265/W32 for ARM                  23/Mar/2021  19:59:36
# Copyright 2007-2020 IAR Systems AB.
#
#    Output file  =  F:\STM32\runMachine\project\Debug\Exe\runMachine.out
#    Map file     =  F:\STM32\runMachine\project\Debug\List\runMachine.map
#    Command line =
#        -f C:\Users\hunga\AppData\Local\Temp\EW6920.tmp
#        (F:\STM32\runMachine\project\Debug\Obj\lcd.o
#        F:\STM32\runMachine\project\Debug\Obj\main.o
#        F:\STM32\runMachine\project\Debug\Obj\misc.o
#        F:\STM32\runMachine\project\Debug\Obj\screen.o
#        F:\STM32\runMachine\project\Debug\Obj\startup_stm32f10x_md.o
#        F:\STM32\runMachine\project\Debug\Obj\stm32f10x_adc.o
#        F:\STM32\runMachine\project\Debug\Obj\stm32f10x_bkp.o
#        F:\STM32\runMachine\project\Debug\Obj\stm32f10x_can.o
#        F:\STM32\runMachine\project\Debug\Obj\stm32f10x_cec.o
#        F:\STM32\runMachine\project\Debug\Obj\stm32f10x_crc.o
#        F:\STM32\runMachine\project\Debug\Obj\stm32f10x_dac.o
#        F:\STM32\runMachine\project\Debug\Obj\stm32f10x_dbgmcu.o
#        F:\STM32\runMachine\project\Debug\Obj\stm32f10x_dma.o
#        F:\STM32\runMachine\project\Debug\Obj\stm32f10x_exti.o
#        F:\STM32\runMachine\project\Debug\Obj\stm32f10x_flash.o
#        F:\STM32\runMachine\project\Debug\Obj\stm32f10x_fsmc.o
#        F:\STM32\runMachine\project\Debug\Obj\stm32f10x_gpio.o
#        F:\STM32\runMachine\project\Debug\Obj\stm32f10x_i2c.o
#        F:\STM32\runMachine\project\Debug\Obj\stm32f10x_iwdg.o
#        F:\STM32\runMachine\project\Debug\Obj\stm32f10x_pwr.o
#        F:\STM32\runMachine\project\Debug\Obj\stm32f10x_rcc.o
#        F:\STM32\runMachine\project\Debug\Obj\stm32f10x_rtc.o
#        F:\STM32\runMachine\project\Debug\Obj\stm32f10x_sdio.o
#        F:\STM32\runMachine\project\Debug\Obj\stm32f10x_spi.o
#        F:\STM32\runMachine\project\Debug\Obj\stm32f10x_tim.o
#        F:\STM32\runMachine\project\Debug\Obj\stm32f10x_usart.o
#        F:\STM32\runMachine\project\Debug\Obj\stm32f10x_wwdg.o
#        F:\STM32\runMachine\project\Debug\Obj\system_stm32f10x.o
#        --no_out_extension -o
#        F:\STM32\runMachine\project\Debug\Exe\runMachine.out --map
#        F:\STM32\runMachine\project\Debug\List\runMachine.map --config
#        D:\iar\arm\config\linker\ST\stm32f103x8.icf --semihosting --entry
#        __iar_program_start --vfe --text_out locale)
#
###############################################################################

*******************************************************************************
*** RUNTIME MODEL ATTRIBUTES
***

CppFlavor       = *
__SystemLibrary = DLib
__dlib_version  = 6


*******************************************************************************
*** HEAP SELECTION
***

The basic heap was selected because some modules are built with
size limitations (and not runtime checking), and --advanced_heap
was not specified.


*******************************************************************************
*** PLACEMENT SUMMARY
***

"A0":  place at address 0x800'0000 { ro section .intvec };
"P1":  place in [from 0x800'0000 to 0x800'ffff] { ro };
define block CSTACK with size = 2K, alignment = 8 { };
define block HEAP with size = 2K, alignment = 8 { };
"P2":  place in [from 0x2000'0000 to 0x2000'4fff] {
          rw, block CSTACK, block HEAP };

No sections matched the following patterns:

  rw  in "P2"


  Section   Kind         Address   Size  Object
  -------   ----         -------   ----  ------
"A0":                              0xec
  .intvec   ro code   0x800'0000   0xec  startup_stm32f10x_md.o [1]
                    - 0x800'00ec   0xec

"P1":                             0xd98
  .text     ro code   0x800'00ec  0x602  lcd.o [1]
  .text     ro code   0x800'06f0   0xcc  stm32f10x_gpio.o [1]
  .text     ro code   0x800'07bc   0x14  memset.o [4]
  .text     ro code   0x800'07d0   0x66  ABImemset.o [4]
  .text     ro code   0x800'0838  0x1e8  screen.o [1]
  .text     ro code   0x800'0a20   0xd8  FltMul.o [3]
  .text     ro code   0x800'0af8   0x22  FltToU32.o [3]
  .text     ro code   0x800'0b1c  0x118  system_stm32f10x.o [1]
  .text     ro code   0x800'0c34   0x94  main.o [1]
  .text     ro code   0x800'0cc8   0x86  ABImemcpy.o [4]
  .text     ro code   0x800'0d50   0x1e  cmain.o [4]
  .text     ro code   0x800'0d6e    0x4  low_level_init.o [2]
  .text     ro code   0x800'0d72    0x4  exit.o [2]
  .text     ro code   0x800'0d78    0xa  cexit.o [4]
  .text     ro code   0x800'0d84   0x14  exit.o [5]
  .text     ro code   0x800'0d98   0x10  startup_stm32f10x_md.o [1]
  .text     ro code   0x800'0da8    0xc  cstartup_M.o [4]
  .text     ro code   0x800'0db4    0x4  startup_stm32f10x_md.o [1]
  .text     ro code   0x800'0db8    0x4  startup_stm32f10x_md.o [1]
  .text     ro code   0x800'0dbc    0x4  startup_stm32f10x_md.o [1]
  .text     ro code   0x800'0dc0    0x4  startup_stm32f10x_md.o [1]
  .text     ro code   0x800'0dc4    0x4  startup_stm32f10x_md.o [1]
  .text     ro code   0x800'0dc8    0x4  startup_stm32f10x_md.o [1]
  .text     ro code   0x800'0dcc    0x4  startup_stm32f10x_md.o [1]
  .text     ro code   0x800'0dd0    0x4  startup_stm32f10x_md.o [1]
  .text     ro code   0x800'0dd4    0x4  startup_stm32f10x_md.o [1]
  .text     ro code   0x800'0dd8    0x4  startup_stm32f10x_md.o [1]
  .text     ro code   0x800'0ddc    0x4  startup_stm32f10x_md.o [1]
  .text     ro code   0x800'0de0    0x4  startup_stm32f10x_md.o [1]
  .text     ro code   0x800'0de4    0x4  startup_stm32f10x_md.o [1]
  .text     ro code   0x800'0de8    0x4  startup_stm32f10x_md.o [1]
  .text     ro code   0x800'0dec    0x4  startup_stm32f10x_md.o [1]
  .text     ro code   0x800'0df0    0x4  startup_stm32f10x_md.o [1]
  .text     ro code   0x800'0df4    0x4  startup_stm32f10x_md.o [1]
  .text     ro code   0x800'0df8    0x4  startup_stm32f10x_md.o [1]
  .text     ro code   0x800'0dfc    0x4  startup_stm32f10x_md.o [1]
  .text     ro code   0x800'0e00    0x4  startup_stm32f10x_md.o [1]
  .text     ro code   0x800'0e04    0x4  startup_stm32f10x_md.o [1]
  .text     ro code   0x800'0e08    0x4  startup_stm32f10x_md.o [1]
  .text     ro code   0x800'0e0c    0x4  startup_stm32f10x_md.o [1]
  .text     ro code   0x800'0e10    0x4  startup_stm32f10x_md.o [1]
  .text     ro code   0x800'0e14    0x4  startup_stm32f10x_md.o [1]
  .text     ro code   0x800'0e18    0x4  startup_stm32f10x_md.o [1]
  .text     ro code   0x800'0e1c    0x4  startup_stm32f10x_md.o [1]
  .text     ro code   0x800'0e20    0x4  startup_stm32f10x_md.o [1]
  .text     ro code   0x800'0e24    0x4  startup_stm32f10x_md.o [1]
  .text     ro code   0x800'0e28    0x4  startup_stm32f10x_md.o [1]
  .text     ro code   0x800'0e2c    0x4  startup_stm32f10x_md.o [1]
  .text     ro code   0x800'0e30    0x4  startup_stm32f10x_md.o [1]
  .text     ro code   0x800'0e34    0x4  startup_stm32f10x_md.o [1]
  .text     ro code   0x800'0e38    0x4  startup_stm32f10x_md.o [1]
  .text     ro code   0x800'0e3c    0x4  startup_stm32f10x_md.o [1]
  .text     ro code   0x800'0e40    0x4  startup_stm32f10x_md.o [1]
  .text     ro code   0x800'0e44    0x4  startup_stm32f10x_md.o [1]
  .text     ro code   0x800'0e48    0x4  startup_stm32f10x_md.o [1]
  .text     ro code   0x800'0e4c    0x4  startup_stm32f10x_md.o [1]
  .text     ro code   0x800'0e50    0x4  startup_stm32f10x_md.o [1]
  .text     ro code   0x800'0e54    0x4  startup_stm32f10x_md.o [1]
  .text     ro code   0x800'0e58    0x4  startup_stm32f10x_md.o [1]
  .text     ro code   0x800'0e5c    0x4  startup_stm32f10x_md.o [1]
  .text     ro code   0x800'0e60    0x4  startup_stm32f10x_md.o [1]
  .text     ro code   0x800'0e64    0x4  startup_stm32f10x_md.o [1]
  .text     ro code   0x800'0e68    0x4  startup_stm32f10x_md.o [1]
  .text     ro code   0x800'0e6c    0x4  startup_stm32f10x_md.o [1]
  .text     ro code   0x800'0e70    0x4  startup_stm32f10x_md.o [1]
  .text     ro code   0x800'0e74    0x4  startup_stm32f10x_md.o [1]
  .text     ro code   0x800'0e78    0x4  startup_stm32f10x_md.o [1]
  .text     ro code   0x800'0e7c    0x4  startup_stm32f10x_md.o [1]
  .text     ro code   0x800'0e80    0x4  startup_stm32f10x_md.o [1]
                    - 0x800'0e84  0xd98

"P2":                             0x800
  CSTACK             0x2000'0000  0x800  <Block>
    CSTACK  uninit   0x2000'0000  0x800  <Block tail>
                   - 0x2000'0800  0x800

Unused ranges:

         From           To    Size
         ----           --    ----
   0x800'0e84   0x800'ffff  0xf17c
  0x2000'0800  0x2000'4fff  0x4800



*******************************************************************************
*** MODULE SUMMARY
***

    Module                  ro code  rw data
    ------                  -------  -------
command line/config:
    ----------------------------------------
    Total:

F:\STM32\runMachine\project\Debug\Obj: [1]
    lcd.o                     1'538
    main.o                      148
    screen.o                    488
    startup_stm32f10x_md.o      460
    stm32f10x_gpio.o            204
    system_stm32f10x.o          280
    ----------------------------------------
    Total:                    3'118

dl7M_tln.a: [2]
    exit.o                        4
    low_level_init.o              4
    ----------------------------------------
    Total:                        8

m7M_tl.a: [3]
    FltMul.o                    216
    FltToU32.o                   34
    ----------------------------------------
    Total:                      250

rt7M_tl.a: [4]
    ABImemcpy.o                 134
    ABImemset.o                 102
    cexit.o                      10
    cmain.o                      30
    cstartup_M.o                 12
    memset.o                     20
    ----------------------------------------
    Total:                      308

shb_l.a: [5]
    exit.o                       20
    ----------------------------------------
    Total:                       20

    Gaps                         12
    Linker created                     2'048
--------------------------------------------
    Grand Total:              3'716    2'048


*******************************************************************************
*** ENTRY LIST
***

Entry                     Address   Size  Type      Object
-----                     -------   ----  ----      ------
?main                  0x800'0d51         Code  Gb  cmain.o [4]
CSTACK$$Base          0x2000'0000          --   Gb  - Linker created -
CSTACK$$Limit         0x2000'0800          --   Gb  - Linker created -
GPIO_Init              0x800'06f1   0xc0  Code  Gb  stm32f10x_gpio.o [1]
GPIO_LcdInit           0x800'00ed   0x2e  Code  Gb  lcd.o [1]
GPIO_ResetBits         0x800'07b7    0x6  Code  Gb  stm32f10x_gpio.o [1]
GPIO_SetBits           0x800'07b1    0x6  Code  Gb  stm32f10x_gpio.o [1]
Region$$Table$$Base           0x0          --   Gb  - Linker created -
Region$$Table$$Limit          0x0          --   Gb  - Linker created -
Screen_convertData     0x800'0839   0x50  Code  Lc  screen.o [1]
SetSysClock            0x800'0b61    0x8  Code  Lc  system_stm32f10x.o [1]
SetSysClockTo72        0x800'0b69   0xae  Code  Lc  system_stm32f10x.o [1]
SystemInit             0x800'0b1d   0x44  Code  Gb  system_stm32f10x.o [1]
__aeabi_f2uiz          0x800'0af9         Code  Gb  FltToU32.o [3]
__aeabi_fmul           0x800'0a21         Code  Gb  FltMul.o [3]
__aeabi_memcpy4        0x800'0cc9         Code  Gb  ABImemcpy.o [4]
__aeabi_memcpy8        0x800'0cc9         Code  Gb  ABImemcpy.o [4]
__aeabi_memset         0x800'07d1         Code  Gb  ABImemset.o [4]
__cmain                0x800'0d51         Code  Gb  cmain.o [4]
__exit                 0x800'0d85   0x14  Code  Gb  exit.o [5]
__iar_Memset           0x800'07d1         Code  Gb  ABImemset.o [4]
__iar_Memset_word      0x800'07d9         Code  Gb  ABImemset.o [4]
__iar_program_start    0x800'0da9         Code  Gb  cstartup_M.o [4]
__low_level_init       0x800'0d6f    0x4  Code  Gb  low_level_init.o [2]
__vector_table         0x800'0000         Data  Gb  startup_stm32f10x_md.o [1]
_call_main             0x800'0d5d         Code  Gb  cmain.o [4]
_exit                  0x800'0d79         Code  Gb  cexit.o [4]
_main                  0x800'0d6b         Code  Gb  cmain.o [4]
delay                  0x800'0305   0x26  Code  Gb  lcd.o [1]
exit                   0x800'0d73    0x4  Code  Gb  exit.o [2]
lcd_clr                0x800'0387   0x3a  Code  Gb  lcd.o [1]
lcd_init               0x800'032b   0x5c  Code  Gb  lcd.o [1]
lcd_send_data          0x800'0415  0x2da  Code  Gb  lcd.o [1]
lcd_show_data1         0x800'03c1   0x4a  Code  Gb  lcd.o [1]
main                   0x800'0c35   0x94  Code  Gb  main.o [1]
mainScreen             0x800'09f5   0x24  Code  Gb  screen.o [1]
memset                 0x800'07bd   0x14  Code  Gb  memset.o [4]
timeScreenMinute       0x800'08c7   0x3e  Code  Lc  screen.o [1]
timeScreenSecond       0x800'0889   0x3e  Code  Lc  screen.o [1]
updateCalo             0x800'0941   0x22  Code  Gb  screen.o [1]
updateData             0x800'09cb   0x2a  Code  Gb  screen.o [1]
updateDistance         0x800'091f   0x22  Code  Gb  screen.o [1]
updateIncline          0x800'0963   0x44  Code  Gb  screen.o [1]
updateSpeed            0x800'09a7   0x24  Code  Gb  screen.o [1]
updateTime             0x800'0905   0x1a  Code  Gb  screen.o [1]
write_address          0x800'0247   0x62  Code  Gb  lcd.o [1]
write_command          0x800'01bb   0x8c  Code  Gb  lcd.o [1]
write_data             0x800'02a9   0x5c  Code  Gb  lcd.o [1]
write_mode             0x800'011b   0xa0  Code  Gb  lcd.o [1]


[1] = F:\STM32\runMachine\project\Debug\Obj
[2] = dl7M_tln.a
[3] = m7M_tl.a
[4] = rt7M_tl.a
[5] = shb_l.a

  3'716 bytes of readonly  code memory
  2'048 bytes of readwrite data memory

Errors: none
Warnings: none
